// Jest Snapshot v1, https://goo.gl/fbAQLP

exports[`that mutation create rating returns and persists on server 1`] = `
Object {
  "CreateRating": Object {
    "id": 1,
    "pokemonId": 1,
    "ratedPokemon": Object {
      "id": 1,
      "name": "TestPokemon2",
    },
    "userGuid": "testrating for pokemon1",
  },
}
`;
